../Core/Src/main.c:77:6:HAL_CAN_RxFifo0MsgPendingCallback	16	static
../Core/Src/main.c:82:13:Print_Status	176	static
../Core/Src/main.c:102:13:Process_Command	192	static
../Core/Src/main.c:191:6:HAL_UART_RxCpltCallback	24	static
../Core/Src/main.c:219:5:main	32	static
../Core/Src/main.c:320:6:SystemClock_Config	88	static
../Core/Src/main.c:375:13:MX_CAN1_Init	8	static
../Core/Src/main.c:412:13:MX_USART3_UART_Init	8	static
../Core/Src/main.c:447:13:MX_GPIO_Init	16	static
../Core/Src/main.c:467:6:MPU_Config	24	static
../Core/Src/main.c:498:6:Error_Handler	4	static,ignoring_inline_asm
